[    0.0000] Linux version 4.15.0-47-generic (buildd@lgw01-amd64-001) (gcc version 7.3.0 (Ubuntu 7.3.0-16ubuntu3)) #50-Ubuntu SMP Wed Mar 13 10:44:52 UTC 2019 (Ubuntu 4.15.0-47.50-generic 4.15.18)
[    0.000000] Command line: BOOT_IMAGE=/boot/vmlinuz-4.15.0-47-generic root=LABEL=cloudimg-rootfs ro cosole=tty1 console=ttyS0
[    0.000000] KERNEL supported cpus:
[    0.000000]   Intel GenuineIntel
[    0.000000]   AMD AuthenticAMD
[    0.000000]   Centaur CentaurHauls
[    0.000000] x86/fpu: Supporting XSAVE feature 0x001: 'x87 floating point registers'
[    0.000000] x86/fpu: Supporting XSAVE feature 0x002: 'SSE registers'
[    0.000000] x86/fpu: Supporting XSAVE feature 0x0044: 'VX registers'
[    0.000000] x86/fpu: xstate_offset[2]:  576, xstatesizes[2]:  256
[    0.000000] x86/fpu: Enabled xstate features 0x7, context size is 832 bytes, using 'standard' format.
[    0.000000] e820: BIOS-provided physical RAM map:
[    0.000000] BIOS-e820: [mem 0x0000000000000000-0x000000000009fbff] usable
[    0.000000] BIOS-e820: [mem 0x000000000009fc00-0x000000000009ffff] reserved
[    0.000000] BIOS-e820[mem 0x00000000000f0000-0x00000000000fff] reserved
[    0.000000] BIOS-e820: [mem 0x0000000000100000-0x000000003ffeffff] usable
[    0.000000] BIOS-e820: [mem 0x0000003fff000x000000003fffffff] ACPI data
[    0.000000] BIOS-e820: [mem 0x00000000fec00000-0x00000000fec00fff] reserved
[    0.000000] BIOS-e820: [mem 0x00000000fee00000-0x00000000fee00fff] reserved
[    0.000000] BIOS-e820: em 0x00000000fffc0000-0x000000ffffffff] reserved
[    0.000000] NX (Execute Dible) protection: active
[    0.000000] SIOS 2.5resent.
[    0.00000] DM: notek GmbH VirtualBox/VirtualBox, BIOS VirtualBox 12/01/2006
[    0.000000] Hypervisor detected: KVM
[    0.000000] ee820: last_pn  03fff0 x_rch_pfn = 0x400000000
[    0.000000] MTRR: Disabled
[  0000000]x8PAT: MTs isabled sipping PAT initialization too.
[    0.0000] CPU MTRRs all blank - virtualized system.
[    0.000000] x86/PAT: Configuration [0-7]: WB  WT  UC- UC  WB  WT  UC- UC  
[    0.000000] found SMP MP-table atmem 0x0009fff0-0x0009ffff] mapped at [        (ptrval)]
[    0.000000] Scanning 1 areas for low memory corruption
[    0.000000] RAMDISK: [mem 0x359cd000-0x36cddfff]
[    0.000000] ACPI: Early table checksum verification disabled
[    0.000000] ACPI: RSDP 0x00000000000E0000 000024 (v02 VBOX  )
[    0.000000] ACPI: XSDT 0x000000003FFF0030 00003C (v01 VBOX   VBOXXSDT 00000001 ASL  00000061)
[    0.000000] ACPI: FACP 0x000000003FFF00F0 0000F4 (v04 VBOX   VBOXFACP 00000001 SL  00000061)
[    0.000000] ACPI: DSDT 0x000000003FFF0470 0021FF (v02 VBOX   VBOXBIOS 00000002 INTL 20100528)
[    0.000000] ACPI: FACS 0x000000003FFF0200 000040
[    0.000000] ACPI: FACS 0x000000003FFF0200 000040
[    0.000000] ACPI: APIC 0x000000003FFF0240 00005C (v02 VBOX   VBOXAPIC 00000001 ASL  00000061)
[    0.000000] ACPI: SSDT 0x00000003FFF02A0 0001CC (v01 VBOX   VBOXCPUT 00000002 INTL 20100528)
[    0.000000] No NUMA configuration found
[    0.000000] Faking a node at [mem 0x0000000000000000-0x000000003ffeffff]
[    0.000000] NODE_DATA(0) allocated [mem 0x3ffc5000-0x3ffeffff]
[    0.000000] kvm-clock: cpu 0, msr 0:3ff44001, primary cpu clock
[    0.000000] kvm-clock: Using msrs 4b564d01 and 4b564d00
[    0.000000] kvm-clock: using sched offset of 7710461075 cycles
[    0.000000] clocksource: kvm-clock: mask: 0xffffffffffffffff max_cles: 1c42e4dffb, max_idle_ns: 881590591483 ns
[    0.000000] Zone ranges:
[    0.000000]   DMA      [mem 0x0000000000001000-0x0000000000ffffff]
[    0.000000]   DMA32    [mem 0x0000000001000000-0x000000003ffeffff]
[    0.000000]   Normal   empty
[    0.0000]   Device   ept
[    0.000000] Movable zone start for each node
[    0.000000] Early memory node ranges
[    0.000000]   node   0: [mem 0x0000000000001000-0x000000000009efff]
[    0.000000]   node   0: [mem 0x0000000000100000-0x000000003ffeffff]
[    0.000000] Reserved but unavailable: 114 pages
[    0.000000] Initmem sep node [em 0x0000000000001000-0x000000003ffeffff]
[    0.000000] ACPI: PM-TierIO Por 04008
   0.0000] IOAPIC[0]: apic_id 2, version 32, address 0xfec00000, GSI 0-23
[    0.000000] ACPI: INT_SRC_OVR (bus 0 bus_irq 0 global_irq 2 dfl dfl)
[    0.000000] ACPI: INT_SR_OR (bus 0 bus_q  global_irq 9 low level)
[    0.000000] Using ACPI (MADT) for SMP configuration information
[    0.000000] smpboot: Alwig 2 CPUs, 0 hotplug CPUs
[    0.000000] PM: Registered nosave memory: [mem 0x00000000-0x00000fff]
[    0.000000] PM: Registed nosave memory: [mem 0x0009f000-0x0009ffff]
[    0.000000] PM: Registered nosave memory: [mem 0x000a0000-0x000effff]
[    0.000000] PM: Registered nosave memory: [mem 0x000f0000-0x000fffff]
[    0.000000] e820: [mem 0x40000000-0xfebfffff] available for P devices[    0.000000] Booting paravirtualized kernel on KVM
[    0.000000] clocksource: refined-jiffies: mask: 0xffffffff max_cycles: 0xffffffff, max_idle_ns: 7645519600211568 ns
[    0.000000] random: getradom_byte called from start_kenel+0x99/0x4fd with crng_init=0
[    0.000000] setup_percpu: NR_CPUS:8192 nr_cpumask_bit:2 nr_cpu_ids:2 nr_node_ids:1
[    0.000000] percpu: Embedded 46 pages/cpu @        (ptrval) s151552 r8192 d28672 u1048576
[    0.000000] PV qspinlock hash table entries: 256 (order: 0, 4096 bytes)
[    0.000000] Built 1 zonelists, mobility grouping on.  Total pages: 257913
[    0.000000] Policy zone: DMA32
[    0.000000] Kernel command line BOOT_IMAGE=/boot/vmlinuz-4.15.0-47-generic root=LABEL=cloudimg-rootfs ro console=tty1 console=ttyS0
[    0.000000] Memory: 983060K/1048120K available (12300K kernel code, 2473K rwdata, 4252K rodata, 2408K init, 2416K bss, 65060K reserved, 0K cma-reserved)
[    0.000000] SLUB: HWalign=64, Order=0-3, MinObjects=0, CPUs=2, Nodes=1
[    0.000000] Kernel/User page tables isolation: eable
[    0.00000] fac: allocating 39206 entries in 154 pages
[    0.004000] Hierarchical RCU implementation.
[    0.004000	RCU restctng CPUfrom NR_CPU=8192 to _cpu_s=.
[    0.004000] 	Tasks RCU enabled.
[    0.004000] RCU: Adjusting geometry for rcu_fanout_leaf=16, nr_cpu_ids=2
[    0.004000] NRRQ: 52454,r_irqs: 440 peallocated irqs: 16
[    0.004000] Console: colour VGA+ 80x25
[    0.004000] console [tty1] enabled
[    0.004000] console [ttyS0] enabled
[    0.004000ACPI: Core revision 20170831
[  0004000] AC: 2 ACPI AML abes successfully acquired and loaded
[    0.004000] APIC: Switch to symmetric I/O mode setup
[    0.004000] x2apic enabled
[    0.004000] Switched APIC routing to physical x2apic.
[    0.004897] ..TIMER: vecor=0x30 apic1=0 pin1=2 apic2=-1 pin2=-1
[    0.008005] tsc: Detected 2304.000 MHz processor
[    0.012011] Calibrating delay loop (skipped) preset value.. 4608.00 BogoMIPS (lpj=9216000)
[    0.014504] pid_max: default: 32768 minimum: 301
[    0.016039] Security Framework initialized
[    0.020007] Yama: becoming mindful.
[    0.024037] AppArmor: AppArmor initialized
[    0.028054] Dentry cache hash table entries: 131072 (order: 8, 1048576 bytes)
[    0.032085] Inode-cache hash table entries: 65536 (order: 7, 524288 bytes)
[    0.034130] Mount-cache hash table entries: 2048 (order: 2, 16384 bytes)
[    0.036008] Mountpoint-cache hash table entries: 2048 (order: 2, 16384 bytes)
[    0.040215] mce: CPU supports 0 MCE banks
[    0.044017] Last level iTLB entries: 4KB 64, 2MB 8, 4MB 8
[    0.045636] Last level dTLB entries: 4KB 64, 2MB 0, 4MB 0, 1GB 4
[    0.048005] Spectre V2 : Mitigation: Full generic retpoline
[    0.052001] Spectre V2 : Spectre v2 / SpectreRSB mitigation: Filling RSB on context switch
[    0.054214] Speculative Store Bypass: Vulnerable
[    0.056105] Freeing SMP alternatives memory: 36K
[    0.060000] smpboot: CPU0: Intel(R) Core(TM) i5-7360U CPU @ 2.30GHz (family: 0x6, model: 0x8e, stepping: 0x9)
[    0.060000] Performance Events: unsupported p6 CPU model 142 no PMU driver, software events only.
[    0.060066] Hierarchical SRCU implementation.
[    0.064537] NMI watchdog: Perf event create on CPU 0 failed with -2
[    0.066425] NMI watchdog: Perf NMI watchdog permanently disabled
[    0.068077] smp: Bringing up secondary CPUs ...
[    0.072111] x86: Booting SMP configuration:
[    0.076003] .... node  #0, CPUs:      #1
[    0.004000] kvm-clock: cpu 1, msr 0:3ff44041, secondary cpu clock
[    0.004000] mce: CPU supports 0 MCE banks
[    0.092020] smp: Brought up 1 node, 2 CPUs
[    0.096010] smpboot: Max logical packages: 1
[    0.100006] smpboot: Total of 2 processors activated (9216.00 BogoMIPS)
[    0.108002] devtmpfs: initialized
[    0.112050] x86/mm: Memory block size: 128MB
[    0.113482] evm: security.selinux
[    0.116006] evm: security.SMACK64
[    0.120006] evm: security.SMACK64EXEC
[    0.124005] evm: security.SMACK64TRANSMUTE
[    0.125264] evm: security.SMACK64MMAP
[    0.126395] evm: security.apparmor
[    0.128003] evm: security.ima
[    0.132003] evm: security.capability
[    0.136089] clocksource: jiffies: mask: 0xffffffff max_cycles: 0xffffffff, max_idle_ns: 7645041785100000 ns
[    0.140017] futex hash table entries: 512 (order: 3, 32768 bytes)
[    0.144087] pinctrl core: initialized pinctrl subsystem
[    0.149432] RTC time:  7:53:12, date: 04/30/19
[    0.152186] NET: Registered protocol family 16
[    0.156075] audit: initializing netlink subsys (disabled)
[    0.164006] audit: type=2000 audit(1556610798.047:1): state=initialized audit_enabled=0 res=1
[    0.168006] cpuidle: using governor ladder
[    0.172007] cpuidle: using governor menu
[    0.176046] ACPI: bus type PCI registered
[    0.180004] acpiphp: ACPI Hot Plug PCI Controller Driver version: 0.5
[    0.184126] PCI: Using configuration type 1 for base access
[    0.192133] HugeTLB registered 2.00 MiB page size, pre-allocated 0 pages
[    0.196076] ACPI: Added _OSI(Module Device)
[    0.200013] ACPI: Added _OSI(Processor Device)
[    0.204014] ACPI: Added _OSI(3.0 _SCP Extensions)
[    0.208008] ACPI: Added _OSI(Processor Aggregator Device)
[    0.212004] ACPI: Added _OSI(Linux-Dell-Video)
[    0.213352] ACPI: Added _OSI(Linux-Lenovo-NV-HDMI-Audio)
[    0.214948] ACPI: Added _OSI(Linux-HPI-Hybrid-Graphics)
[    0.216461] ACPI: Executed 1 blocks of module-level executable AML code
[    0.226213] ACPI: Interpreter enabled
[    0.228022] ACPI: (supports S0 S5)
[    0.232006] ACPI: Using IOAPIC for interrupt routing
[    0.236229] PCI: Using host bridge windows from ACPI; if necessary, use "pci=nocrs" and report a bug
[    0.240243] ACPI: Enabled 2 GPEs in block 00 to 07
[    0.248682] ACPI: PCI Root Bridge [PCI0] (domain 0000 [bus 00-ff])
[    0.252021] acpi PNP0A03:00: _OSC: OS supports [ASPM ClockPM Segments MSI]
[    0.256043] acpi PNP0A03:00: _OSC: not requesting OS control; OS requires [ExtendedConfig ASPM ClockPM MSI]
[    0.260019] acpi PNP0A03:00: fail to add MMCONFIG information, can't access extended PCI configuration space under this bridge.
[    0.264510] PCI host bridge to bus 0000:00
[    0.268007] pci_bus 0000:00: root bus resource [io  0x0000-0x0cf7 window]
[    0.272005] pci_bus 0000:00: root bus resource [io  0x0d00-0xffff window]
[    0.276006] pci_bus 0000:00: root bus resource [mem 0x000a0000-0x000bffff window]
[    0.280008] pci_bus 0000:00: root bus resource [mem 0x40000000-0xfdffffff window]
[    0.284006] pci_bus 0000:00: root bus resource [bus 00-ff]
[    0.290247] pci 0000:00:01.1: legacy IDE quirk: reg 0x10: [io  0x01f0-0x01f7]
[    0.292000] pci 0000:00:01.1: legacy IDE quirk: reg 0x14: [io  0x03f6]
[    0.292006] pci 0000:00:01.1: legacy IDE quirk: reg 0x18: [io  0x0170-0x0177]
[    0.294135] pci 0000:00:01.1: legacy IDE quirk: reg 0x1c: [io  0x0376]
[    0.323641] pci 0000:00:07.0: quirk: [io  0x4000-0x403f] claimed by PIIX4 ACPI
[    0.324046] pci 0000:00:07.0: quirk: [io  0x4100-0x410f] claimed by PIIX4 SMB
[    0.348427] ACPI: PCI Interrupt Link [LNKA] (IRQs 5 9 10 *11)
[    0.351854] ACPI: PCI Interrupt Link [LNKB] (IRQs 5 9 *10 11)
[    0.352401] ACPI: PCI Interrupt Link [LNKC] (IRQs 5 *9 10 11)
[    0.356430] ACPI: PCI Interrupt Link [LNKD] (IRQs 5 9 10 *11)
[    0.360741] SCSI subsystem initialized
[    0.362781] pci 0000:00:02.0: vgaarb: setting as boot VGA device
[    0.362781] pci 0000:00:02.0: vgaarb: VGA device added: decodes=io+mem,owns=io+mem,locks=none
[    0.364016] pci 0000:00:02.0: vgaarb: bridge control possible
[    0.365439] vgaarb: loaded
[    0.368051] ACPI: bus type USB registered
[    0.369480] usbcore: registered new interface driver usbfs
[    0.372028] usbcore: registered new interface driver hub
[    0.373845] usbcore: registered new device driver usb
[    0.376076] EDAC MC: Ver: 3.0.0
[    0.384160] PCI: Using ACPI for IRQ routing
[    0.388419] NetLabel: Initializing
[    0.389490] NetLabel:  domain hash size = 128
[    0.392002] NetLabel:  protocols = UNLABELED CIPSOv4 CALIPSO
[    0.396020] NetLabel:  unlabeled traffic allowed by default
[    0.400098] clocksource: Switched to clocksource kvm-clock
[    0.430244] VFS: Disk quotas dquot_6.6
[    0.474689] VFS: Dquot-cache hash table entries: 2 rd 0, 40 bes
[    0.732238] Aprm: pAorilsystem Enabled
[    0.974789] pnp: PnP ACPI init
[   98195] pnp: PnPCP fnd dic

[    1.349879] clocksource: acpi_pm: mask: 0xffffff max_cycles: 0xffffff, max_idle_ns: 208570102ns
[    1.414917] NET: Registered protocofaly 2

[    1.5007TCesblheha tlentes 819(oer4,55 bes

[    2.26617]CPinhash table entries: 8192 (order: 5, 131072 bytes)
[    2.423352] TCP: Hash tables configured (established 8192 bind 8192)
[    2.425599] UDP hash table entries: 512 (order: 2, 16384 btes)
[    2.451241] UDP-Lite hash table entries: 512 (order: 2, 16384 bytes)
[    2.454239] NET: egistered protocol family 1
[    2.488453] pci 0000:00:00.0: Limitng direct PCI/PCI transfers
[  2.78] i 000:.0: Actati I DMA ha wrkous    3.166] i 000:.0Vio device with shadowed ROM at [mem 0x000c0000-0x000dffff]
[    3.509819] Unpacking initramfs...

[    3.842705] Freeing initrd memory: 19524K
[    3.876150] platform rtc_cmos: registered platform RTC device (no PNP device found)
[    3.897228] Scanning for low memory corruption every 60 seconds
[    3.899723] Initialise system trusted keyrings
[    3.907043] Key type blacklist registered
[    3.914940] workingset: timestamp_bits=36 max_order=18 bucket_order=0
[    3.923229] zbud: loaded
[    3.924663] squashfs: version 4.0 (2009/01/31) Phillip Lougher
[    3.932286] fuse init (API version 7.26)
[    3.942400] Key type asymmetric registered
[    3.943405] Asymmetric key parser 'x509' registered
[    3.944654] Block layer SCSI generic (bsg) driver version 0.4 loaded (major 246)
[    3.946487] io scheduler noop registered
[    3.963177] io scheduler deadline registered
[    3.975440] io scheduler cfq registered (default)
[    3.983736] ACPI: AC Adapter [AC] (off-line)
[    3.990744] input: Power Button as /devices/LNXSYSTM:00/LNXPWRBN:00/input/input0
[    4.010782] ACPI: Power Button [PWRF]
[    4.017769] input: Sleep Button as /devices/LNXSYSTM:00/LNXSLPBN:00/input/input1
[    4.020004] ACPI: Sleep Button [SLPF]
[    4.040299] ACPI: Battery Slot [BAT0] (battery present)
[    4.045962] Serial: 8250/16550 driver, 32 ports, IRQ sharing enabled
[    4.072451] 00:02: ttyS0 at I/O 0x3f8 (ir =, seau= 52)  a65A
[    4.532730] Linux agpgart interface v0.103
[    4.536803] loop: module loaded
[    4.543948] scsi host0: ata_piix
[    4.550714] scsi host1: ata_piix
[    4.557632] ata1: PATA max UDMA/33 cmd 0x1f0 ctl 0x3f6 bmdma 0xd000 irq 14
[    4.559667] ata2: PATA max UDMA/33 cmd 0x170 ctl 0x376 bmdma 0xd008 irq 15
[    4.581813] libphy: Fixed MDIO Bus: probed
[    4.588665] tun: Universal TUN/TAP device driver, 1.6
[    4.599794] PPP generic driver version 2.4.2
[    4.612393] ehci_hcd: USB 2.0 'Enhanced' Host Controller (EHCI) Driver
[    4.656188] ehci-pci: EHCI PCI platform driver
[    4.669570] ehci-platform: EHCI generic platform driver
[    4.671126] ohci_hcd: USB 1.1 'Open' Host Controller (OHCI) Driver
[    4.673141] ohci-pci: OHCI PCI platform driver
[    4.674524] ohci-platform: OHCI generic platform driver
[    4.676108] uhci_hcd: USB Universal Host Controller Interface driver
[    4.678220] i8042: PNP: PS/2 Controller [PNP0303:PS2K,PNP0f03:PS2M] at 0x60,0x64 irq 1,12
[    4.681153] serio: i8042 KBD port at 0x60,0x64 irq 1
[    4.682723] serio: i8042 AUX port at 0x60,0x64 irq 12
[    4.684789] mousedev: PS/2 mouse device common for all mice
[    4.689812] rtc_cmos rtc_cmos: rtc core: registered rtc_cmos as rtc0
[    4.694766] input: AT Translated Set 2 keyboard as /devices/platform/i8042/serio0/input/input2
[    4.696129] rtc_cmos rtc_cmos: alarms up to one day, 114 bytes nvram
[    4.696145] i2c /dev entries driver
[    4.696155] pcie_mp2_amd: AMD(R) PCI-E MP2 Communication Driver Version: 1.0
[    4.696248] device-mapper: uevent: version 1.0.3
[    4.696324] device-mapper: ioctl: 4.37.0-ioctl (2017-09-20) initialised: dm-devel@redhat.com
[    4.721527] ledtrig-cpu: registered to indicate activity on CPUs
[    4.727151] NET: Registered protocol family 10
[    4.735265] Segment Routing with IPv6
[    4.742298] NET: Registered protocol family 17
[    4.745592] Key type dns_resolver registered
[    4.748163] RAS: Correctable Errors collector initialized.
[    4.750823] sched_clock: Marking stable (4748119941, 0)->(9061204513, -4313084572)
[    4.755955] registered taskstats version 1
[    4.757505] Loading compiled-in X.509 certificates
[    4.761354] Loaded X.509 cert 'Build time autogenerated kernel key: 7211859d1298c08a101905a3cb814e8c7b4bf4a4'
[    4.800090] zswap: loaded using pool lzo/zbud
[    4.824414] Key type big_key registered
[    4.874333] Key type trusted registered
[    4.878163] Key type encrypted registered
[    4.879534] AppArmor: AppArmor sha1 policy hashing enabled
[    4.898880] ima: No TPM chip found, activating TPM-bypass! (rc=-19)
[    4.901164] tsc: Refined TSC clocksource calibration: 2305.017 MHz
[    4.901169] clocksource: tsc: mask: 0xffffffffffffffff max_cycles: 0x2139b873c2f, max_idle_ns: 440795220517 ns
[    5.104405] ima: Allocated hash algorithm: sha1
[    5.139344] evm: HMAC attrs: 0x1
[    5.189982]   Magic number: 15:322:876
[    5.240556] rtc_cmos rtc_cmos: setting system clock to 2019-04-30 07:53:18 UTC (1556610798)
[    5.304053] BIOS EDD facility v0.16 2004-Jun-25, 0 devices found
[    5.363825] EDD information not available.
[    5.425736] Freeing unused kernel memory: 2408K
[    5.504516] Write protecting the kernel read-only data: 20480k
[    5.595114] Freeing unused kernel memory: 2008K
[    5.662125] Freeing unused kernel memory: 1892K
[    5.689245] x86/mm: Checked W+X mappings: passed, no W+X pages found.
[    5.742003] x86/mm: Checking user space page tables
[    5.762716] x86/mm: Checked W+X mappings: passed, no W+X pages found.
Loading, please wait...
starting version 237
[    5.895643] e1000: Intel(R) PRO/1000 Network Driver - version 7.3.21-k8-NAPI
[    5.897505] e1000: Copyright (c) 1999-2006 Intel Corporation.
[    5.921115] Fusion MPT base driver 3.04.20
[    5.922439] Copyright (c) 1999-2008 LSI Corporation
[    5.936634] vboxvideo: loading out-of-tree module taints kernel.
[    5.943465] vboxvideo: module verification failed: signature and/or required key missing - tainting kernel
[    5.947514] AVX2 version of gcm_enc/dec engaged.
[    5.948670] AES CTR mode by8 optimization enabled
[    5.954455] Fusion MPT SPI Host driver 3.04.20
[    6.122527] input: ImExPS/2 Generic Explorer Mouse as /devices/platform/i8042/serio1/input/input4
[    6.346150] e1000 0000:00:03.0 eth0: (PCI:33MHz:32-bit) 02:b7:91:53:ac:49
[    6.348607] e1000 0000:00:03.0 eth0: Intel(R) PRO/1000 Network Connection
[    6.376470] [drm] VRAM 01000000
[    6.413512] [TTM] Zone  kernel: Available graphics memory: 504464 kiB
[    6.492280] [TTM] Initializing pool allocator
[    6.508388] [TTM] Initializing DMA pool allocator
[    6.527464] fbcon: vboxdrmfb (fb0) is primary device
[    6.528940] Console: switching to colour frame buffer device 100x37
[    6.697659] vboxvideo 0000:00:02.0: fb0: vboxdrmfb frame buffer device
[    6.756372] [drm] Initialized vboxvideo 1.0.0 20130823 for 0000:00:02.0 on minor 0
[    6.884167] mptbase: ioc0: Initiating bringup
[    6.988556] ioc0: LSI53C1030 A0: Capabilities={Initiator}
[    7.263815] scsi host2: ioc0: LSI53C1030 A0, FwRev=00000000h, Ports=1, MaxQ=256, IRQ=20
[    7.452783] scsi 2:0:0:0: Direct-Access     VBOX     HARDDISK         1.0  PQ: 0 ANSI: 5
[    7.584493] scsi target2:0:0: Beginning Domain Validation
[    7.638576] scsi target2:0:0: Domain Validation skipping write tests
[    7.641484] scsi target2:0:0: Ending Domain Validation
[    7.643033] scsi target2:0:0: asynchronous
[    7.644617] random: fast init done
[    7.699785] scsi 2:0:1:0: Direct-Access     VBOX     HARDDISK         1.0  PQ: 0 ANSI: 5
[    7.924114] scsi target2:0:1: Beginning Domain Validation
[    7.928228] scsi target2:0:1: Domain Validation skipping write tests
[    7.930138] scsi target2:0:1: Ending Domain Validation
[    7.931948] scsi target2:0:1: asynchronous
[    7.938736] random: systemd-udevd: uninitialized urandom read (16 bytes read)
[    7.940458] random: systemd-udevd: uninitialized urandom read (16 bytes read)
[    7.947647] sd 2:0:0:0: Attached scsi generic sg0 type 0
[    7.949197] sd 2:0:1:0: Attached scsi generic sg1 type 0
[    7.950635] sd 2:0:0:0: [sda] 20971520 512-byte logical blocks: (10.7 GB/10.0 GiB)
[    7.952657] sd 2:0:0:0: [sda] Write Protect is off
[    7.954169] random: systemd-udevd: uninitialized urandom read (16 bytes read)
[    7.955963] sd 2:0:0:0: [sda] Incomplete mode parameter data
[    7.957495] sd 2:0:0:0: [sda] Assuming drive cache: write through
[    7.961935]  sda: sda1
[    7.962918] sd 2:0:1:0: [sdb] 20480 512-byte logical blocks: (10.5 MB/10.0 MiB)
[    7.970221] sd 2:0:1:0: [sdb] Write Protect is off
[    7.971649] sd 2:0:1:0: [sdb] Incomplete mode parameter data
[    7.973208] sd 2:0:1:0: [sdb] Assuming drive cache: write through
[    7.975409] sd 2:0:0:0: [sda] Attached SCSI disk
[    7.984595] sd 2:0:1:0: [sdb] Attached SCSI disk
[    8.094463] e1000 0000:00:08.0 eth1: (PCI:33MHz:32-bit) 08:00:27:d7:da:1a
[    8.097879] e1000 0000:00:08.0 eth1: Intel(R) PRO/1000 Network Connection
[    8.176485] e1000 0000:00:08.0 enp0s8: renamed from eth1
[    8.193495] e1000 0000:00:03.0 enp0s3: renamed from eth0
Begin: Loading essential drivers ... [    8.424087] raid6: sse2x1   gen() 12296 MB/s
[    8.521679] raid6: sse2x1   xor()  8984 MB/s
[    8.624304] raid6: sse2x2   gen() 15055 MB/s
[    8.729580] raid6: sse2x2   xor() 10553 MB/s
[    8.844547] raid6: sse2x4   gen() 17103 MB/s
[    8.903053] raid6: sse2x4   xor() 11448 MB/s
[    9.008558] raid6: avx2x1   gen() 24707 MB/s
[    9.096208] raid6: avx2x1   xor() 17067 MB/s
[    9.152377] raid6: avx2x2   gen() 21707 MB/s
[    9.200044] raid6: avx2x2   xor() 11889 MB/s
[    9.248972] raid6: avx2x4   gen() 34449 MB/s
[    9.296317] raid6: avx2x4   xor() 21010 MB/s
[    9.349594] raid6: using algorithm avx2x4 gen() 34449 MB/s
[    9.370885] raid6: .... xor() 21010 MB/s, rmw enabled
[    9.420013] raid6: using avx2x2 recovery algorithm
[    9.485285] xor: automatically using best checksumming function   avx       
[    9.504738] async_tx: api initialized (async)
done.
Begin: Running /scripts/init-premount ... done.
Begin: Mounting root file system ... Begin: Running /scripts/local-top ... done.
Begin: Running /scripts/local-premount ... [    9.583084] Btrfs loaded, crc32c=crc32c-intel
Scanning for Btrfs filesystems
done.
Warning: fsck no[    9.644986] EXT4-fs (sda1): mounted filesystem with ordered data mode. Opts: (null)
t present, so skipping root file system
done.
Begin: Running /scripts/local-bottom ... done.
Begin: Running /scripts/init-bottom ... done.
[   10.070849] ip_tables: (C) 2000-2006 Netfilter Core Team
[   10.137144] systemd[1]: systemd 237 running in system mode. (+PAM +AUDIT +SELINUX +IMA +APPARMOR +SMACK +SYSVINIT +UTMP +LIBCRYPTSETUP +GCRYPT +GNUTLS +ACL +XZ +LZ4 +SECCOMP +BLKID +ELFUTILS +KMOD -IDN2 +IDN -PCRE2 default-hierarchy=hybrid)
[   10.220585] systemd[1]: Detected virtualization oracle.
[   10.221929] systemd[1]: Detected architecture x86-64.

Welcome to [1mUbuntu 18.04.2 LTS[0m!

[   10.233326] systemd[1]: Set hostname to <ubuntu-bionic>.
[   11.055243] systemd[1]: Started Forward Password Requests to Wall Directory Watch.
[[0;32m  OK  [0m] Started Forward Password Requests to Wall Directory Watch.
[   11.059459] systemd[1]: Reached target User and Group Name Lookups.
[[0;32m  OK  [0m] Reached target User and Group Name Lookups.
[   11.064856] systemd[1]: Created slice User and Session Slice.
[[0;32m  OK  [0m] Created slice User and Session Slice.
[   11.068120] systemd[1]: Reached target System Time Synchronized.
[[0;32m  OK  [0m] Reached target System Time Synchronized.
[   11.071542] systemd[1]: Set up automount Arbitrary Executable File Formats File System Automount Point.
[[0;32m  OK  [0m] Set up automount Arbitrary Executabâ€¦rmats File System Automount Point.
[   11.129613] systemd[1]: Created slice System Slice.
[[0;32m  OK  [0m] Created slice System Slice.
[[0;32m  OK  [0m] Listening on Journal Socket.
[[0;32m  OK  [0m] Listening on Journal Audit Socket.
[[0;32m  OK  [0m] Listening on LVM2 poll daemon socket.
         Starting Create list of required stâ€¦ce nodes for the current kernel...
[[0;32m  OK  [0m] Listening on udev Control Socket.
         Starting Set the console keyboard layout...
[[0;32m  OK  [0m] Listening on Journal Socket (/dev/log).
         Mounting POSIX Message Queue File System...
[[0;32m  OK  [0m] Listening on udev Kernel Socket.
         Starting Load Kernel Modules...
         Starting Uncomplicated firewall...
         Starting udev Coldplug all Devices...
         Mounting Kernel Debug File System...
         Starting Remount Root and Kernel File Systems...
[[0;32m  OK  [0m] Listening on /dev/initctl Compatibility Named Pipe.
[[0;32m  OK  [0m] Created slice system-serial\x2dgetty.slice.
[[0;32m  OK  [0m] Reached target Slices.
[   11.432318] random: crng init done
[   11.433989] random: 7 urandom warning(s) missed due to ratelimiting
         Mounting Huge Pages File System...
[[0;32m  OK  [0m] Reached targ[   11.449409] Loading iSCSI transport class v2.0-870.
et Swap.
[[0;32m  OK  [[   11.498837] EXT4-fs (sda1): re-mounted. Opts: (null)
0m] Listening on LVM2 metadata d[   11.513158] iscsi: registered transport (tcp)
aemon socket.
[[0;32m  OK  [0m] Listening on Network Service Netlink Socket.
[[0;32m  OK  [0m] Listening on Syslog Socket.
         Starting Journal Service...
[[0;32m  OK  [0m] Listening on Device-mapper event daemon FIFOs.
         Starting Monitoring of LVM2 mirrorsâ€¦ng dmeventd or progress polling...
[[0;32m  OK  [0m] Started Create list of required staâ€¦vice nodes for the current kernel.
[[0;32m  OK  [0m] Mounted POSIX Message Queue File System.
[[0;32m  OK  [0m] Started Set the console keyboard layout.
[[0;32m  OK  [0m] Started Uncomplicated firewall.
[[0;32m  OK  [0m] Mounted Kernel Debug File System.
[[0;32m  OK  [0m] Started Remount Root and Kernel File Systems.
[[0;32m  OK  [0m] Mounted Huge Pages File System.
[[0;32m  OK  [0m] Started udev Coldplug all Devices.
[[0;32m  OK  [[   11.687249] iscsi: registered transport (iser)
0m] Started LVM2 metadata daemon.
         Starting Initial cloud-init job (pre-networking)...
         Starting Load/Save Random Seed...
         Starting Create Static Device Nodes in /dev...
[[0;32m  OK  [0m] Started Journal Service.
[[0;32m  OK  [0m] Started Load Kernel Modules.
[[0;32m  OK  [0m] Started Monitoring of LVM2 mirrors,â€¦sing dmeventd or progress polling.
         Mounting FUSE Control File System...
         Starting Apply Kernel Variables...
         Mounting Kernel Configuration File System...
         Starting Flush Journal to Persistent Storage...
[[0;32m  OK  [0m] Mounted FUSE Control File System.
[[0;32m  OK  [0m] Mounted Kernel Configuration File System.
[[0;32m  OK  [0m] Started Load/Save Random Seed.
[[0;32m  OK  [0m] Started Create Static Device Nodes in /dev.
[[0;32m  OK  [0m] Started Apply Kernel Variables.
         Starting udev Kernel Device Manager...
[[0;32m  OK  [0m] Reached target Local File Systems (Pre).
[[0;32m  OK  [0m] Reached target Local File Systems.
         Starting ebtables ruleset management...
         Starting Tell Plymouth To Write Out Runtime Data...
         Starting AppArmor initialization...
         Starting Set console font and keymap...
[[0;32m  OK  [0m] Started udev Kernel Device Manager.
[[0;32m  OK  [0m] Started Dispatch Password Requests to Console Directory Watch.
[[0;32m  OK  [0m] Reached target Local Encrypted Volumes.
[[0;32m  OK  [0m] Started Tell Plymouth To Write Out Runtime Data.
[[0;32m  OK  [0m] Started Set console font and keymap.
[[0;32m  OK  [0m] Found device /dev/ttyS0.
[[0;32m  OK  [0m] Started Flush Journal to Persistent Storage.
         Starting Create Volatile Files and Directories...
[[0;32m  OK  [0m] Started ebtables ruleset management.
[[0;32m  OK  [0m] Started Create Volatile Files and Directories.
         Starting Update UTMP about System Boot/Shutdown...
[[0;32m  OK  [0m] Listening on Load/Save RF Kill Switch Status /dev/rfkill Watch.
[[0;32m  OK  [0m] Started Update UTMP about System Boot/Shutdown.
[[0;32m  OK  [0m] Started AppArmor initialization.
[   13.874149] cloud-init[409]: Cloud-init v. 18.5-45-g3554ffe8-0ubuntu1~18.04.1 running 'init-local' at Tue, 30 Apr 2019 07:53:26 +0000. Up 13.65 seconds.
[[0;32m  OK  [0m] Started Initial cloud-init job (pre-networking).
[[0;32m  OK  [0m] Reached target Network (Pre).
         Starting Network Service...
[[0;32m  OK  [0m] Started Network Service.
         Starting Network Name Resolution...
         Starting Wait for Network to be Configured...
[[0;32m  OK  [0m] Started Network Name Resolution.
[[0;32m  OK  [0m] Reached target Host and Network Name Lookups.
[[0;32m  OK  [0m] Reached target Network.
[[0;32m  OK  [0m] Started Wait for Network to be Configured.
         Starting Initial cloud-init job (metadata service crawler)...
[   16.079540] cloud-init[680]: Cloud-init v. 18.5-45-g3554ffe8-0ubuntu1~18.04.1 running 'init' at Tue, 30 Apr 2019 07:53:29 +0000. Up 15.96 seconds.
[   16.082564] cloud-init[680]: ci-info: ++++++++++++++++++++++++++++++++++++++Net device info+++++++++++++++++++++++++++++++++++++++
[   16.086250] cloud-init[680]: ci-info: +--------+------+-----------------------------+---------------+--------+-------------------+
[   16.136268] cloud-init[680]: ci-info: | Device |  Up  |           Address           |      Mask     | Scope  |     Hw-Address    |
[   16.183882] cloud-init[680]: ci-info: +--------+------+-----------------------------+---------------+--------+-------------------+
[   16.188411] cloud-init[680]: ci-info: | enp0s3 | True |          10.0.2.15          | 255.255.255.0 | global | 02:b7:91:53:ac:49 |
[   16.216615] cloud-init[680]: ci-info: | enp0s3 | True |  fe80::b7:91ff:fe53:ac49/64 |       .       |  link  | 02:b7:91:53:ac:49 |
[   16.240678] cloud-init[680]: ci-info: | enp0s8 | True |        192.168.33.10        | 255.255.255.0 | global | 08:00:27:d7:da:1a |
[[0;32m  OK  [0m] Started Initial cloud-init job (metadata service crawler).
[[0;32m  OK  [0m] Reached target Cloud-config availability.
[[0;32m  OK  [0m] Reached target System Initialization.
[   16.330488] cloud-init[680]: ci-info: | enp0s8 | True | fe80::a00:27ff:fed7:da1a/64 |       .       |  link  | 08:00:27:d7:da:1a |
[   16.513529] cloud-init[680]: ci-info: |   lo   | True |          127.0.0.1          |   255.0.0.0   |  host  |         .         |
[   16.579911] cloud-init[680]: ci-info: |   lo   | True |           ::1/128           |       .       |  host  |         .         |
[   16.606800] cloud-init[680]: ci-info: +--------+------+-----------------------------+---------------+--------+-------------------+
[[0;32m  OK  [0m] Started ACPI Events Check.
[[0;32m  OK  [0m] Listening on D-Bus System Message Bus Socket.
[   16.675095] cloud-init[680]: ci-info: +++++++++++++++++++++++++++++Route IPv4 info+++++++++++++++++++++++++++++
[   16.772100] cloud-init[680]: ci-info: +-------+--------------+----------+-----------------+-----------+-------+
[[0;32m  OK  [0m] Started Message of the Day.
[[0;32m  OK  [0m] Listening on Open-iSCSI iscsid Socket.
[[0;32m  OK  [0m] Started Daily Cleanup of Temporary Directories.
[[0;32m  OK  [0m] Listening on UUID daemon activation socket.
[[0;32m  OK  [0m] Reached target Paths.
[   16.828209] cloud-init[680]: ci-info: | Route | Destination  | Gateway  |     Genmask     | Interface | Flags |
[   16.942653] cloud-init[680]: ci-info: +-------+--------------+----------+-----------------+-----------+-------+
[[0;32m  OK  [0m] Listening on ACPID Listen Socket.
[   16.948498] cloud-init[680]: ci-info: |   0   |   0.0.0.0    | 10.0.2.2 |     0.0.0.0     |   enp0s3  |   UG  |
         Starting LXD - unix socket.
[   16.962659] cloud-init         [680]: Starting Socket activation for snappy daemon.ci-info: |   1   |   10.0.2.0   | 0.0.0.0  |  255.255.255.0  |   enp0s3  |   U   |

[   16.991609] cloud-init[680]: ci-info: |   2   |   10.0.2.2   | 0.0.0.0  | 255.255.255.255 |   enp0s3  |   UH  |
[[0;32m  OK  [0m] Started Daily apt download activities.
[[0;32m  OK  [0m] Started Daily apt upgrade and clean activities.
[[0;32m  OK  [0m] Started Discard unused blocks once a week.
[   17.011611] cloud-init[680]: ci-info: |   3   | 192.168.33.0 | 0.0.0.0  |  255.255.255.0  |   enp0s8  |   U   |
[   17.113479] cloud-init[680]: ci-info: +-------+--------------+----------+-----------------+-----------+-------+
[   17.147010] cloud-init[680]: ci-info: +++++++++++++++++++Route IPv6 info+++++++++++++++++++
[[0;32m  OK  [0m] Reached target Timers.
[[0;32m  OK  [0m] Reached target Network is Online.
[   17.195567] cloud-init[680]: ci-info: +-------+-------------+---------+-----------+-------+
[   17.260194] cloud-init[680]: ci-info: | Route | Destination | Gateway | Interface | Flags |
[[0;32m  OK  [0m] Reached target Remote File Systems (Pre).
[[0;32m  OK  [0m] Reached target Remote File Systems.
[   17.295972] cloud-init[680]: ci-info: +-------+-------------+---------+-----------+-------+
         Starting Availability of block devices...
[[   17.407147] cloud-init[680]: ci-info: |   1   |  fe80::/64  |    ::   |   enp0s8  |   U   |
[   17.440566] cloud-init[680]: ci-info: |   2   |  fe80::/64  |    ::   |   enp0s3  |   U   |
[   17.441017] cloud-init[680]: ci-info: |   4   |    local    |    ::   |   enp0s3  |   U   |
[   17.441392] cloud-init[680]: ci-info: |   5   |    local    |    ::   |   enp0s8  |   U   |
[   17.441792] cloud-init[680]: ci-info: |   6   |   ff00::/8  |    ::   |   enp0s8  |   U   |
[   17.442213] cloud-init[680]: ci-info: |   7   |   ff00::/8  |    ::   |   enp0s3  |   U   |
[   17.442622] cloud-init[680]: ci-info: +-------+-------------+---------+-----------+-------+
[0;32m  OK  [0m] Listening on LXD - unix socket.
[[0;32m  OK  [0m] Listening on Socket activation for snappy daemon.
[[0;32m  OK  [0m] Started Availability of block devices.
[[0;32m  OK  [0m] Reached target Sockets.
[[0;32m  OK  [0m] Reached target Basic System.
         Starting vboxadd.service...
[[0;32m  OK  [0m] Started FUSE filesystem for LXC.
         Starting Login Service...
[[0;32m  OK  [0m] Started D-Bus System Message Bus.
         Starting LSB: automatic crash report generation...
[[0;32m  OK  [0m] Started Deferred execution scheduler.
         Starting Dispatcher daemon for systemd-networkd...
[[0;32m  OK  [0m] Started Regular background program processing daemon.
         Starting LSB: Record successful boot for GRUB...
         Starting Permit User Sessions...
         Starting Accounts Service...
         Starting System Logging Service...
         Starting Snappy daemon...
[[0;32m  OK  [0m] Started irqbalance daemon.
         Starting OpenBSD Secure Shell server...
         Starting LXD - container startup/shutdown...
[[0;32m  OK  [0m] Started System Logging Service.
[[0;32m  OK  [0m] Started Dispatcher daemon for systemd-networkd.
[[0;32m  OK  [0m] Started Snappy daemon.
[[0;32m  OK  [0m] Started Permit User Sessions.
[[0;32m  OK  [0m] Started Login Service.
[[0;32m  OK  [0m] Started OpenBSD Secure Shell server.
         Starting Authorization Manager...
[[0;32m  OK  [0m] Started Unattended Upgrades Shutdown.
         Starting Hold until boot process finishes up...
         Starting Terminate Plymouth Boot Screen...
         Starting Wait until snapd is fully seeded...
[[0;32m  OK  [0m] Started Hold until boot process finishes up.
         Starting Set console scheme...
[[0;32m  OK  [0m] Started Serial Getty on ttyS0.
[[0;32m  OK  [0m] Started Terminate Plymouth Boot Screen.
[[0;32m  OK  [0m] Started Authorization Manager.
[[0;32m  OK  [0m] Started Accounts Service.
[[0;32m  OK  [0m] Started LSB: automatic crash report generation.
[[0;32m  OK  [0m] Started LSB: Record successful boot for GRUB.
[[0;32m  OK  [0m] Started Set console scheme.
[[0;32m  OK  [0m] Created slice system-getty.slice.
[[0;32m  OK  [0m] Started Getty on tty1.
[[0;32m  OK  [0m] Reached target Login Prompts.
[[0;32m  OK  [0m] Started Wait until snapd is fully seeded.
         Starting Apply the settings specified in cloud-config...
[[0;32m  OK  [0m] Started LXD - container startup/shutdown.
[[0;32m  OK  [0m] Started vboxadd.service.
         Starting vboxadd-service.service...
[[0;32m  OK  [0m] Started vboxadd-service.service.
[[0;32m  OK  [0m] Reached target Multi-User System.
[[0;32m  OK  [0m] Reached target Graphical Interface.
         Starting Update UTMP about System Runlevel Changes...
[[0;32m  OK  [0m] Started Update UTMP about System Runlevel Changes.
[[0;32m  OK  [0m] Created slice User Slice of vagrant.
         Starting User Manager for UID 1000...
[[0;32m  OK  [0m] Started Session 1 of user vagrant.
[[0;32m  OK  [0m] Started User Manager for UID 1000.
[   19.358482] cloud-init[1090]: Cloud-init v. 18.5-45-g3554ffe8-0ubuntu1~18.04.1 running 'modules:config' at Tue, 30 Apr 2019 07:53:32 +0000. Up 19.19 seconds.
[[0;32m  OK  [0m] Started Apply the settings specified in cloud-config.
         Starting Execute cloud user/final scripts...
[   19.829218] cloud-init[1234]: Cloud-init v. 18.5-45-g3554ffe8-0ubuntu1~18.04.1 running 'modules:final' at Tue, 30 Apr 2019 07:53:32 +0000. Up 19.73 seconds.
[   19.843575] cloud-init[1234]: Cloud-init v. 18.5-45-g3554ffe8-0ubuntu1~18.04.1 finished at Tue, 30 Apr 2019 07:53:33 +0000. Datasource DataSourceNoCloud [seed=/dev/sdb][dsmode=net].  Up 19.82 seconds
[[0;32m  OK  [0m] Started Execute cloud user/final scripts.
[[0;32m  OK  [0m] Reached target Cloud-init target.

Ubuntu 18.04.2 LTS ubuntu-bionic ttyS0

ubuntu-bionic login: 